// Jest Snapshot v1, https://goo.gl/fbAQLP

exports[`splitTitle should work 1`] = `
[
  {
    "artist": "Forsen",
    "title": "My Cool Video",
  },
  {
    "title": "Without Dash",
  },
  {
    "artist": "Obama",
    "title": "AlienDancing",
  },
  {
    "artist": "LULE",
    "title": "AlienGathering (forsen remix)",
  },
  {
    "artist": "Oops",
    "title": "My chair broke [xd] (feat. alien)",
  },
  {
    "artist": "Here",
    "title": "Are   Multiple   Dashes",
  },
  {
    "title": "Forsen - Aliens (Forsen-Remix)",
  },
]
`;
